 reading user weak rate file /home/njm/MESA/mesa-2025-summerschool-prerelease/data/rates_data/rate_tables/S13_r_be7_wk_li7.h5
 version_number 5d9f195f
 read inlist_project
 Extras startup routine
 DEBUG: colors_handle =            1
 DEBUG: colors instrument = /colors/data/filters/GAIA/GAIA
 DEBUG: colors vega_sed = /colors/data/stellar_models/vega_flam.csv
 DEBUG: colors stellar_atm = /colors/data/stellar_models/Kurucz2003all/
 DEBUG: colors metallicity =   0.57999999999999996     
 DEBUG: colors distance =    30857000000000000.     
 DEBUG: colors make_csv =  F
 DEBUG: colors use_colors =  T


 The terminal output contains the following information

      'step' is the number of steps since the start of the run,
      'lg_dt' is log10 timestep in years,
      'age_yr' is the simulated years since the start run,
      'lg_Tcntr' is log10 center temperature (K),
      'lg_Dcntr' is log10 center density (g/cm^3),
      'lg_Tmax' is log10 max temperature (K),
      'Teff' is the surface temperature (K),
      'lg_R' is log10 surface radius (Rsun),
      'lg_L' is log10 surface luminosity (Lsun),
      'lg_LH' is log10 total PP and CNO hydrogen burning power (Lsun),
      'lg_L3a' is log10 total triple-alpha helium burning power (Lsun),
      'lg_gsurf' is log10 surface gravity,
      'lg_Lnuc' is log10 nuclear power (Lsun),
      'lg_Lneu' is log10 total neutrino power (Lsun),
      'lg_Lphoto' is log10 total photodisintegration (Lsun),
      'Mass' is the total stellar baryonic mass (Msun),
      'lg_Mdot' is log10 magnitude of rate of change of mass (Msun/year),
      'lg_Dsurf' is log10 surface density (g/cm^3),
      'H_env' is the amount of mass where H is dominant,
      'He_core' is the largest mass where He is dominant.
      'CO_core' is the largest mass where CO is dominant.
      'H_cntr' is the center H1 mass fraction,
      'He_cntr' is the center He4 mass fraction,
      'C_cntr' is the center C12 mass fraction,
      'N_cntr' is the center N14 mass fraction,
      'O_cntr' is the center O16 mass fraction,
      'Ne_cntr' is the center Ne20 mass fraction,
      'gam_cntr' is the center plasma interaction parameter,
      'eta_cntr' is the center electron degeneracy parameter,
      'zones' is the number of zones in the current model,
      'iters' is the number of solver iterations for the current step,
      'retry' is the number of step retries required during the run,
      'dt_limit' is an indication of what limited the timestep.

 All this and more are saved in the LOGS directory during the run.
 create pre-main-sequence model
                                          species  mass           8    5.0000000000000000D+00

                                        relax_num_steps         100

          1   5.480115   4490.747 -21.399608 -21.399608   5.000000   5.000000   0.755800   0.000071   0.242800 -10.999519   1339      0
-5.0000E+00   5.480115   2.098707 -99.000000 -22.797476 -99.000000   0.000000   0.242800   0.000657   0.001400   0.024736      4
 1.0000E-05  -4.593050   3.761382 -99.000000 -99.000000  -8.054323   0.000000   0.000241   0.000146   0.001400  0.000E+00    initial dt

          2   5.478505   4537.473 -21.399773 -21.399773   5.000000   5.000000   0.755800   0.000071   0.242800 -10.995527    719      0
-5.0000E+00   5.478505   2.098838 -99.000000 -22.797641 -99.000000   0.000000   0.242800   0.000657   0.001400   0.024815      3
 2.0000E-05  -4.593732   3.779627 -36.850598 -99.000000  -8.082888   0.000000   0.000241   0.000146   0.001400  0.000E+00        max_dt

          3   5.478246   4552.610 -21.399766 -21.399766   5.000000   5.000000   0.755800   0.000071   0.242800 -10.993849    458      0
-5.0000E+00   5.478246   2.098880 -99.000000 -22.797634 -99.000000   0.000000   0.242800   0.000657   0.001400   0.024836      3
 3.0000E-05  -4.593392   3.785496 -99.000000 -99.000000  -8.092974   0.000000   0.000241   0.000146   0.001400  0.000E+00        max_dt

          4   5.478085   4557.908 -21.399772 -21.399772   5.000000   5.000000   0.755800   0.000071   0.242800 -10.992806    459      0
-5.0000E+00   5.478085   2.098889 -99.000000 -22.797640 -99.000000   0.000000   0.242800   0.000657   0.001400   0.024849      3
 4.0000E-05  -4.593181   3.787533 -99.000000 -99.000000  -8.096567   0.000000   0.000241   0.000146   0.001400  0.000E+00        max_dt

          5   5.477970   4558.582 -21.399774 -21.399774   5.000000   5.000000   0.755800   0.000071   0.242800 -10.992072    476      0
-5.0000E+00   5.477970   2.098879 -99.000000 -22.797642 -99.000000   0.000000   0.242800   0.000657   0.001400   0.024858      3
 5.0000E-05  -4.593034   3.787770 -99.000000 -99.000000  -8.097013   0.000000   0.000241   0.000146   0.001400  0.000E+00        max_dt

          6   5.477959   4556.744 -21.399842 -21.399842   5.000000   5.000000   0.755800   0.000071   0.242800 -10.991499    455      0
-5.0000E+00   5.477930   2.098859 -99.000000 -22.797710 -99.000000   0.000000   0.242800   0.000657   0.001400   0.024864      3
 6.0000E-05  -4.592846   3.787030 -99.000000 -99.000000  -8.095740   0.000000   0.000241   0.000146   0.001400  0.000E+00        max_dt

          7   5.478006   4553.492 -21.400116 -21.400116   5.000000   5.000000   0.755800   0.000071   0.242800 -10.991039    476      0
-5.0000E+00   5.477904   2.098833 -99.000000 -22.797984 -99.000000   0.000000   0.242800   0.000657   0.001400   0.024869      3
 7.0000E-05  -4.592684   3.785738 -99.000000 -99.000000  -8.093509   0.000000   0.000241   0.000146   0.001400  0.000E+00        max_dt

          8   5.478006   4549.435 -21.400115 -21.400115   5.000000   5.000000   0.755800   0.000071   0.242800 -10.990668    460      0
-5.0000E+00   5.477844   2.098805 -99.000000 -22.797983 -99.000000   0.000000   0.242800   0.000657   0.001400   0.024874      3
 8.0000E-05  -4.592613   3.784134 -99.000000 -99.000000  -8.090751   0.000000   0.000241   0.000146   0.001400  0.000E+00        max_dt

          9   5.478006   4544.936 -21.400114 -21.400114   5.000000   5.000000   0.755800   0.000071   0.242800 -10.990316    476      0
-5.0000E+00   5.477785   2.098776 -99.000000 -22.797982 -99.000000   0.000000   0.242800   0.000657   0.001400   0.024878      3
 9.0000E-05  -4.592549   3.782357 -99.000000 -99.000000  -8.087719   0.000000   0.000241   0.000146   0.001400  0.000E+00        max_dt


__________________________________________________________________________________________________________________________________________________

       step    lg_Tmax     Teff     lg_LH      lg_Lnuc_tot     Mass       H_rich     H_cntr     N_cntr     Y_surf   eta_cntr   zones  retry
  lg_dt_yrs    lg_Tcntr    lg_R     lg_L3a     lg_Lneu     lg_Mdot    He_core    He_cntr    O_cntr     Z_surf   gam_cntr   iters  
    age_yrs    lg_Dcntr    lg_L     lg_LZ      lg_Lphoto   lg_Dsurf   CO_core    C_cntr     Ne_cntr    Z_cntr   v_div_cs       dt_limit
__________________________________________________________________________________________________________________________________________________

         10   5.478006   4540.174 -21.400112 -21.400112   5.000000   5.000000   0.755800   0.000071   0.242800 -10.990026    458      0
-5.0000E+00   5.477736   2.098747 -99.000000 -22.797980 -99.000000   0.000000   0.242800   0.000657   0.001400   0.024882      3
 1.0000E-04  -4.592496   3.780477 -99.000000 -99.000000  -8.084542   0.000000   0.000241   0.000146   0.001400  0.000E+00        max_dt

         11   5.478006   4535.336 -21.400111 -21.400111   5.000000   5.000000   0.755800   0.000071   0.242800 -10.989791    476      0
-5.0000E+00   5.477697   2.098718 -99.000000 -22.797979 -99.000000   0.000000   0.242800   0.000657   0.001400   0.024885      3
 1.1000E-04  -4.592453   3.778567 -99.000000 -99.000000  -8.081347   0.000000   0.000241   0.000146   0.001400  0.000E+00        max_dt

         12   5.478007   4530.544 -21.400109 -21.400109   5.000000   5.000000   0.755800   0.000071   0.242800 -10.989600    460      0
-5.0000E+00   5.477665   2.098689 -99.000000 -22.797977 -99.000000   0.000000   0.242800   0.000657   0.001400   0.024888      3
 1.2000E-04  -4.592418   3.776674 -37.026689 -99.000000  -8.078214   0.000000   0.000241   0.000146   0.001400  0.000E+00        max_dt

         13   5.478110   4525.851 -21.400563 -21.400563   5.000000   5.000000   0.755800   0.000071   0.242800 -10.989416    475      0
-5.0000E+00   5.477741   2.098661 -99.000000 -22.798431 -99.000000   0.000000   0.242800   0.000657   0.001400   0.024887      3
 1.3000E-04  -4.592223   3.774817 -99.000000 -99.000000  -8.075177   0.000000   0.000241   0.000146   0.001400  0.000E+00        max_dt

         14   5.478110   4521.296 -21.400562 -21.400562   5.000000   5.000000   0.755800   0.000071   0.242800 -10.989285    459      0
-5.0000E+00   5.477719   2.098635 -99.000000 -22.798430 -99.000000   0.000000   0.242800   0.000657   0.001400   0.024889      3
 1.4000E-04  -4.592199   3.773015 -99.000000 -99.000000  -8.072261   0.000000   0.000241   0.000146   0.001400  0.000E+00        max_dt

         15   5.478110   4516.900 -21.400561 -21.400561   5.000000   5.000000   0.755800   0.000071   0.242800 -10.989174    475      0
-5.0000E+00   5.477701   2.098610 -99.000000 -22.798429 -99.000000   0.000000   0.242800   0.000657   0.001400   0.024890      3
 1.5000E-04  -4.592179   3.771275 -37.026689 -99.000000  -8.069475   0.000000   0.000241   0.000146   0.001400  0.000E+00        max_dt

         16   5.478110   4512.672 -21.400560 -21.400560   5.000000   5.000000   0.755800   0.000071   0.242800 -10.989079    459      0
-5.0000E+00   5.477685   2.098586 -99.000000 -22.798428 -99.000000   0.000000   0.242800   0.000657   0.001400   0.024891      3
 1.6000E-04  -4.592161   3.769601 -37.327719 -99.000000  -8.066823   0.000000   0.000241   0.000146   0.001400  0.000E+00        max_dt

         17   5.478110   4508.598 -21.400559 -21.400559   5.000000   5.000000   0.755800   0.000071   0.242800 -10.988998    473      0
-5.0000E+00   5.477672   2.098563 -99.000000 -22.798427 -99.000000   0.000000   0.242800   0.000657   0.001400   0.024892      3
 1.7000E-04  -4.592146   3.767986 -99.000000 -99.000000  -8.064292   0.000000   0.000241   0.000146   0.001400  0.000E+00        max_dt

         18   5.478110   4504.684 -21.400558 -21.400558   5.000000   5.000000   0.755800   0.000071   0.242800 -10.988928    457      0
-5.0000E+00   5.477660   2.098541 -99.000000 -22.798426 -99.000000   0.000000   0.242800   0.000657   0.001400   0.024893      3
 1.8000E-04  -4.592133   3.766434 -37.327719 -99.000000  -8.061885   0.000000   0.000241   0.000146   0.001400  0.000E+00        max_dt

         19   5.478111   4500.933 -21.400557 -21.400557   5.000000   5.000000   0.755800   0.000071   0.242800 -10.988867    473      0
-5.0000E+00   5.477650   2.098520 -99.000000 -22.798426 -99.000000   0.000000   0.242800   0.000657   0.001400   0.024894      3
 1.9000E-04  -4.592122   3.764945 -99.000000 -99.000000  -8.059600   0.000000   0.000241   0.000146   0.001400  0.000E+00        max_dt


__________________________________________________________________________________________________________________________________________________

       step    lg_Tmax     Teff     lg_LH      lg_Lnuc_tot     Mass       H_rich     H_cntr     N_cntr     Y_surf   eta_cntr   zones  retry
  lg_dt_yrs    lg_Tcntr    lg_R     lg_L3a     lg_Lneu     lg_Mdot    He_core    He_cntr    O_cntr     Z_surf   gam_cntr   iters  
    age_yrs    lg_Dcntr    lg_L     lg_LZ      lg_Lphoto   lg_Dsurf   CO_core    C_cntr     Ne_cntr    Z_cntr   v_div_cs       dt_limit
__________________________________________________________________________________________________________________________________________________

         20   5.478111   4497.346 -21.400557 -21.400557   5.000000   5.000000   0.755800   0.000071   0.242800 -10.988813    457      0
-5.0000E+00   5.477641   2.098501 -99.000000 -22.798425 -99.000000   0.000000   0.242800   0.000657   0.001400   0.024895      3
 2.0000E-04  -4.592112   3.763520 -99.000000 -99.000000  -8.057435   0.000000   0.000241   0.000146   0.001400  0.000E+00        max_dt

         21   5.478111   4493.914 -21.400556 -21.400556   5.000000   5.000000   0.755800   0.000071   0.242800 -10.988766    474      0
-5.0000E+00   5.477633   2.098482 -99.000000 -22.798424 -99.000000   0.000000   0.242800   0.000657   0.001400   0.024896      3
 2.1000E-04  -4.592103   3.762156 -99.000000 -99.000000  -8.055382   0.000000   0.000241   0.000146   0.001400  0.000E+00        max_dt

         22   5.478111   4490.626 -21.400555 -21.400555   5.000000   5.000000   0.755800   0.000071   0.242800 -10.988724    457      0
-5.0000E+00   5.477626   2.098464 -99.000000 -22.798424 -99.000000   0.000000   0.242800   0.000657   0.001400   0.024896      3
 2.2000E-04  -4.592095   3.760849 -99.000000 -99.000000  -8.053434   0.000000   0.000241   0.000146   0.001400  0.000E+00        max_dt

         23   5.478111   4487.474 -21.400555 -21.400555   5.000000   5.000000   0.755800   0.000071   0.242800 -10.988687    473      0
-5.0000E+00   5.477620   2.098446 -99.000000 -22.798423 -99.000000   0.000000   0.242800   0.000657   0.001400   0.024897      3
 2.3000E-04  -4.592088   3.759594 -99.000000 -99.000000  -8.051581   0.000000   0.000241   0.000146   0.001400  0.000E+00        max_dt

         24   5.478111   4484.458 -21.400554 -21.400554   5.000000   5.000000   0.755800   0.000071   0.242800 -10.988653    459      0
-5.0000E+00   5.477615   2.098430 -99.000000 -22.798423 -99.000000   0.000000   0.242800   0.000657   0.001400   0.024897      3
 2.4000E-04  -4.592082   3.758393 -99.000000 -99.000000  -8.049824   0.000000   0.000241   0.000146   0.001400  0.000E+00        max_dt

         25   5.478111   4481.570 -21.400554 -21.400554   5.000000   5.000000   0.755800   0.000071   0.242800 -10.988623    475      0
-5.0000E+00   5.477610   2.098414 -99.000000 -22.798422 -99.000000   0.000000   0.242800   0.000657   0.001400   0.024897      3
 2.5000E-04  -4.592076   3.757243 -99.000000 -99.000000  -8.048155   0.000000   0.000241   0.000146   0.001400  0.000E+00        max_dt

         26   5.478111   4478.809 -21.400553 -21.400553   5.000000   5.000000   0.755800   0.000071   0.242800 -10.988596    459      0
-5.0000E+00   5.477605   2.098399 -99.000000 -22.798422 -99.000000   0.000000   0.242800   0.000657   0.001400   0.024898      3
 2.6000E-04  -4.592071   3.756142 -37.327719 -99.000000  -8.046572   0.000000   0.000241   0.000146   0.001400  0.000E+00        max_dt

         27   5.478112   4476.160 -21.400553 -21.400553   5.000000   5.000000   0.755800   0.000071   0.242800 -10.988572    475      0
-5.0000E+00   5.477601   2.098385 -99.000000 -22.798421 -99.000000   0.000000   0.242800   0.000657   0.001400   0.024898      3
 2.7000E-04  -4.592067   3.755085 -99.000000 -99.000000  -8.045065   0.000000   0.000241   0.000146   0.001400  0.000E+00        max_dt

         28   5.478112   4473.619 -21.400553 -21.400553   5.000000   5.000000   0.755800   0.000071   0.242800 -10.988550    461      0
-5.0000E+00   5.477598   2.098371 -99.000000 -22.798421 -99.000000   0.000000   0.242800   0.000657   0.001400   0.024898      3
 2.8000E-04  -4.592062   3.754071 -99.000000 -99.000000  -8.043630   0.000000   0.000241   0.000146   0.001400  0.000E+00        max_dt

         29   5.478112   4471.177 -21.400552 -21.400552   5.000000   5.000000   0.755800   0.000071   0.242800 -10.988529    479      0
-5.0000E+00   5.477594   2.098357 -99.000000 -22.798420 -99.000000   0.000000   0.242800   0.000657   0.001400   0.024899      3
 2.9000E-04  -4.592059   3.753095 -36.850598 -99.000000  -8.042262   0.000000   0.000241   0.000146   0.001400  0.000E+00        max_dt


__________________________________________________________________________________________________________________________________________________

       step    lg_Tmax     Teff     lg_LH      lg_Lnuc_tot     Mass       H_rich     H_cntr     N_cntr     Y_surf   eta_cntr   zones  retry
  lg_dt_yrs    lg_Tcntr    lg_R     lg_L3a     lg_Lneu     lg_Mdot    He_core    He_cntr    O_cntr     Z_surf   gam_cntr   iters  
    age_yrs    lg_Dcntr    lg_L     lg_LZ      lg_Lphoto   lg_Dsurf   CO_core    C_cntr     Ne_cntr    Z_cntr   v_div_cs       dt_limit
__________________________________________________________________________________________________________________________________________________

         30   5.478112   4468.827 -21.400552 -21.400552   5.000000   5.000000   0.755800   0.000071   0.242800 -10.988511    463      0
-5.0000E+00   5.477591   2.098344 -99.000000 -22.798420 -99.000000   0.000000   0.242800   0.000657   0.001400   0.024899      3
 3.0000E-04  -4.592055   3.752157 -99.000000 -99.000000  -8.040955   0.000000   0.000241   0.000146   0.001400  0.000E+00        max_dt

         31   5.478112   4466.560 -21.400552 -21.400552   5.000000   5.000000   0.755800   0.000071   0.242800 -10.988494    479      0
-5.0000E+00   5.477589   2.098332 -99.000000 -22.798420 -99.000000   0.000000   0.242800   0.000657   0.001400   0.024899      3
 3.1000E-04  -4.592052   3.751250 -37.026689 -99.000000  -8.039702   0.000000   0.000241   0.000146   0.001400  0.000E+00        max_dt

         32   5.478112   4464.365 -21.400551 -21.400551   5.000000   5.000000   0.755800   0.000071   0.242800 -10.988479    462      0
-5.0000E+00   5.477586   2.098320 -99.000000 -22.798420 -99.000000   0.000000   0.242800   0.000657   0.001400   0.024899      3
 3.2000E-04  -4.592049   3.750372 -99.000000 -99.000000  -8.038497   0.000000   0.000241   0.000146   0.001400  0.000E+00        max_dt

         33   5.478112   4462.223 -21.400551 -21.400551   5.000000   5.000000   0.755800   0.000071   0.242800 -10.988464    477      0
-5.0000E+00   5.477584   2.098308 -99.000000 -22.798419 -99.000000   0.000000   0.242800   0.000657   0.001400   0.024899      3
 3.3000E-04  -4.592046   3.749515 -99.000000 -99.000000  -8.037329   0.000000   0.000241   0.000146   0.001400  0.000E+00        max_dt

         34   5.478112   4460.145 -21.400551 -21.400551   5.000000   5.000000   0.755800   0.000071   0.242800 -10.988451    461      0
-5.0000E+00   5.477582   2.098297 -99.000000 -22.798419 -99.000000   0.000000   0.242800   0.000657   0.001400   0.024900      3
 3.4000E-04  -4.592044   3.748684 -99.000000 -99.000000  -8.036204   0.000000   0.000241   0.000146   0.001400  0.000E+00        max_dt

         35   5.478112   4458.134 -21.400551 -21.400551   5.000000   5.000000   0.755800   0.000071   0.242800 -10.988439    477      0
-5.0000E+00   5.477580   2.098286 -99.000000 -22.798419 -99.000000   0.000000   0.242800   0.000657   0.001400   0.024900      3
 3.5000E-04  -4.592041   3.747878 -99.000000 -99.000000  -8.035122   0.000000   0.000241   0.000146   0.001400  0.000E+00        max_dt

         36   5.478112   4456.192 -21.400550 -21.400550   5.000000   5.000000   0.755800   0.000071   0.242800 -10.988428    461      0
-5.0000E+00   5.477578   2.098276 -99.000000 -22.798418 -99.000000   0.000000   0.242800   0.000657   0.001400   0.024900      3
 3.6000E-04  -4.592039   3.747100 -99.000000 -99.000000  -8.034082   0.000000   0.000241   0.000146   0.001400  0.000E+00        max_dt

         37   5.478112   4454.312 -21.400550 -21.400550   5.000000   5.000000   0.755800   0.000071   0.242800 -10.988418    477      0
-5.0000E+00   5.477576   2.098265 -99.000000 -22.798418 -99.000000   0.000000   0.242800   0.000657   0.001400   0.024900      3
 3.7000E-04  -4.592037   3.746347 -99.000000 -99.000000  -8.033082   0.000000   0.000241   0.000146   0.001400  0.000E+00        max_dt

         38   5.478113   4452.492 -21.400550 -21.400550   5.000000   5.000000   0.755800   0.000071   0.242800 -10.988408    461      0
-5.0000E+00   5.477575   2.098255 -99.000000 -22.798418 -99.000000   0.000000   0.242800   0.000657   0.001400   0.024900      3
 3.8000E-04  -4.592035   3.745617 -99.000000 -99.000000  -8.032120   0.000000   0.000241   0.000146   0.001400  0.000E+00        max_dt

         39   5.478113   4450.728 -21.400550 -21.400550   5.000000   5.000000   0.755800   0.000071   0.242800 -10.988399    477      0
-5.0000E+00   5.477573   2.098246 -99.000000 -22.798418 -99.000000   0.000000   0.242800   0.000657   0.001400   0.024900      3
 3.9000E-04  -4.592034   3.744909 -99.000000 -99.000000  -8.031193   0.000000   0.000241   0.000146   0.001400  0.000E+00        max_dt


__________________________________________________________________________________________________________________________________________________

       step    lg_Tmax     Teff     lg_LH      lg_Lnuc_tot     Mass       H_rich     H_cntr     N_cntr     Y_surf   eta_cntr   zones  retry
  lg_dt_yrs    lg_Tcntr    lg_R     lg_L3a     lg_Lneu     lg_Mdot    He_core    He_cntr    O_cntr     Z_surf   gam_cntr   iters  
    age_yrs    lg_Dcntr    lg_L     lg_LZ      lg_Lphoto   lg_Dsurf   CO_core    C_cntr     Ne_cntr    Z_cntr   v_div_cs       dt_limit
__________________________________________________________________________________________________________________________________________________

         40   5.478113   4449.018 -21.400549 -21.400549   5.000000   5.000000   0.755800   0.000071   0.242800 -10.988391    461      0
-5.0000E+00   5.477572   2.098236 -99.000000 -22.798418 -99.000000   0.000000   0.242800   0.000657   0.001400   0.024900      3
 4.0000E-04  -4.592032   3.744223 -99.000000 -99.000000  -8.030298   0.000000   0.000241   0.000146   0.001400  0.000E+00        max_dt

         41   5.478113   4447.356 -21.400549 -21.400549   5.000000   5.000000   0.755800   0.000071   0.242800 -10.988383    477      0
-5.0000E+00   5.477571   2.098227 -99.000000 -22.798417 -99.000000   0.000000   0.242800   0.000657   0.001400   0.024900      3
 4.1000E-04  -4.592030   3.743556 -99.000000 -99.000000  -8.029433   0.000000   0.000241   0.000146   0.001400  0.000E+00        max_dt

         42   5.478113   4445.743 -21.400549 -21.400549   5.000000   5.000000   0.755800   0.000071   0.242800 -10.988376    461      0
-5.0000E+00   5.477570   2.098218 -99.000000 -22.798417 -99.000000   0.000000   0.242800   0.000657   0.001400   0.024901      3
 4.2000E-04  -4.592029   3.742908 -99.000000 -99.000000  -8.028598   0.000000   0.000241   0.000146   0.001400  0.000E+00        max_dt

         43   5.478113   4444.168 -21.400549 -21.400549   5.000000   5.000000   0.755800   0.000071   0.242800 -10.988369    476      0
-5.0000E+00   5.477569   2.098210 -99.000000 -22.798417 -99.000000   0.000000   0.242800   0.000657   0.001400   0.024901      3
 4.3000E-04  -4.592028   3.742275 -99.000000 -99.000000  -8.027786   0.000000   0.000241   0.000146   0.001400  0.000E+00        max_dt

         44   5.478113   4442.634 -21.400549 -21.400549   5.000000   5.000000   0.755800   0.000071   0.242800 -10.988362    460      0
-5.0000E+00   5.477568   2.098201 -99.000000 -22.798417 -99.000000   0.000000   0.242800   0.000657   0.001400   0.024901      3
 4.4000E-04  -4.592026   3.741659 -99.000000 -99.000000  -8.026999   0.000000   0.000241   0.000146   0.001400  0.000E+00        max_dt

         45   5.478113   4441.139 -21.400549 -21.400549   5.000000   5.000000   0.755800   0.000071   0.242800 -10.988356    476      0
-5.0000E+00   5.477567   2.098193 -99.000000 -22.798417 -99.000000   0.000000   0.242800   0.000657   0.001400   0.024901      3
 4.5000E-04  -4.592025   3.741057 -99.000000 -99.000000  -8.026236   0.000000   0.000241   0.000146   0.001400  0.000E+00        max_dt

         46   5.478113   4439.684 -21.400548 -21.400548   5.000000   5.000000   0.755800   0.000071   0.242800 -10.988351    460      0
-5.0000E+00   5.477566   2.098185 -99.000000 -22.798417 -99.000000   0.000000   0.242800   0.000657   0.001400   0.024901      3
 4.6000E-04  -4.592024   3.740472 -37.327719 -99.000000  -8.025497   0.000000   0.000241   0.000146   0.001400  0.000E+00        max_dt

         47   5.478113   4438.266 -21.400548 -21.400548   5.000000   5.000000   0.755800   0.000071   0.242800 -10.988345    476      0
-5.0000E+00   5.477565   2.098177 -99.000000 -22.798416 -99.000000   0.000000   0.242800   0.000657   0.001400   0.024901      3
 4.7000E-04  -4.592023   3.739902 -99.000000 -99.000000  -8.024780   0.000000   0.000241   0.000146   0.001400  0.000E+00        max_dt

         48   5.478113   4436.861 -21.400548 -21.400548   5.000000   5.000000   0.755800   0.000071   0.242800 -10.988340    459      0
-5.0000E+00   5.477564   2.098170 -99.000000 -22.798416 -99.000000   0.000000   0.242800   0.000657   0.001400   0.024901      3
 4.8000E-04  -4.592022   3.739336 -99.000000 -99.000000  -8.024072   0.000000   0.000241   0.000146   0.001400  0.000E+00        max_dt

         49   5.478113   4435.482 -21.400548 -21.400548   5.000000   5.000000   0.755800   0.000071   0.242800 -10.988336    475      0
-5.0000E+00   5.477563   2.098162 -99.000000 -22.798416 -99.000000   0.000000   0.242800   0.000657   0.001400   0.024901      3
 4.9000E-04  -4.592021   3.738782 -99.000000 -99.000000  -8.023381   0.000000   0.000241   0.000146   0.001400  0.000E+00        max_dt


__________________________________________________________________________________________________________________________________________________

       step    lg_Tmax     Teff     lg_LH      lg_Lnuc_tot     Mass       H_rich     H_cntr     N_cntr     Y_surf   eta_cntr   zones  retry
  lg_dt_yrs    lg_Tcntr    lg_R     lg_L3a     lg_Lneu     lg_Mdot    He_core    He_cntr    O_cntr     Z_surf   gam_cntr   iters  
    age_yrs    lg_Dcntr    lg_L     lg_LZ      lg_Lphoto   lg_Dsurf   CO_core    C_cntr     Ne_cntr    Z_cntr   v_div_cs       dt_limit
__________________________________________________________________________________________________________________________________________________

         50   5.478113   4434.146 -21.400548 -21.400548   5.000000   5.000000   0.755800   0.000071   0.242800 -10.988331    459      0
-5.0000E+00   5.477563   2.098155 -99.000000 -22.798416 -99.000000   0.000000   0.242800   0.000657   0.001400   0.024901      3
 5.0000E-04  -4.592020   3.738243 -99.000000 -99.000000  -8.022713   0.000000   0.000241   0.000146   0.001400  0.000E+00        max_dt

         51   5.478113   4432.849 -21.400548 -21.400548   5.000000   5.000000   0.755800   0.000071   0.242800 -10.988327    475      0
-5.0000E+00   5.477562   2.098148 -99.000000 -22.798416 -99.000000   0.000000   0.242800   0.000657   0.001400   0.024901      3
 5.1000E-04  -4.592019   3.737721 -99.000000 -99.000000  -8.022068   0.000000   0.000241   0.000146   0.001400  0.000E+00        max_dt

         52   5.478113   4431.590 -21.400548 -21.400548   5.000000   5.000000   0.755800   0.000071   0.242800 -10.988323    459      0
-5.0000E+00   5.477561   2.098141 -99.000000 -22.798416 -99.000000   0.000000   0.242800   0.000657   0.001400   0.024901      3
 5.2000E-04  -4.592018   3.737214 -99.000000 -99.000000  -8.021444   0.000000   0.000241   0.000146   0.001400  0.000E+00        max_dt

         53   5.478113   4430.363 -21.400547 -21.400547   5.000000   5.000000   0.755800   0.000071   0.242800 -10.988319    475      0
-5.0000E+00   5.477561   2.098134 -99.000000 -22.798416 -99.000000   0.000000   0.242800   0.000657   0.001400   0.024901      3
 5.3000E-04  -4.592018   3.736719 -99.000000 -99.000000  -8.020839   0.000000   0.000241   0.000146   0.001400  0.000E+00        max_dt

         54   5.478114   4429.172 -21.400547 -21.400547   5.000000   5.000000   0.755800   0.000071   0.242800 -10.988316    461      0
-5.0000E+00   5.477560   2.098127 -99.000000 -22.798415 -99.000000   0.000000   0.242800   0.000657   0.001400   0.024901      3
 5.4000E-04  -4.592017   3.736238 -99.000000 -99.000000  -8.020253   0.000000   0.000241   0.000146   0.001400  0.000E+00        max_dt

         55   5.478114   4428.004 -21.400547 -21.400547   5.000000   5.000000   0.755800   0.000071   0.242800 -10.988312    478      0
-5.0000E+00   5.477560   2.098121 -99.000000 -22.798415 -99.000000   0.000000   0.242800   0.000657   0.001400   0.024901      3
 5.5000E-04  -4.592016   3.735767 -99.000000 -99.000000  -8.019680   0.000000   0.000241   0.000146   0.001400  0.000E+00        max_dt

         56   5.478114   4426.859 -21.400547 -21.400547   5.000000   5.000000   0.755800   0.000071   0.242800 -10.988309    462      0
-5.0000E+00   5.477559   2.098114 -99.000000 -22.798415 -99.000000   0.000000   0.242800   0.000657   0.001400   0.024901      3
 5.6000E-04  -4.592016   3.735305 -99.000000 -99.000000  -8.019121   0.000000   0.000241   0.000146   0.001400  0.000E+00        max_dt

         57   5.478114   4425.735 -21.400547 -21.400547   5.000000   5.000000   0.755800   0.000071   0.242800 -10.988306    478      0
-5.0000E+00   5.477559   2.098108 -99.000000 -22.798415 -99.000000   0.000000   0.242800   0.000657   0.001400   0.024901      3
 5.7000E-04  -4.592015   3.734852 -99.000000 -99.000000  -8.018574   0.000000   0.000241   0.000146   0.001400  0.000E+00        max_dt

         58   5.478114   4424.634 -21.400547 -21.400547   5.000000   5.000000   0.755800   0.000071   0.242800 -10.988303    462      0
-5.0000E+00   5.477558   2.098102 -99.000000 -22.798415 -99.000000   0.000000   0.242800   0.000657   0.001400   0.024902      3
 5.8000E-04  -4.592014   3.734407 -36.850598 -99.000000  -8.018040   0.000000   0.000241   0.000146   0.001400  0.000E+00        max_dt

         59   5.478114   4423.553 -21.400547 -21.400547   5.000000   5.000000   0.755800   0.000071   0.242800 -10.988300    478      0
-5.0000E+00   5.477558   2.098096 -99.000000 -22.798415 -99.000000   0.000000   0.242800   0.000657   0.001400   0.024902      3
 5.9000E-04  -4.592014   3.733970 -99.000000 -99.000000  -8.017518   0.000000   0.000241   0.000146   0.001400  0.000E+00        max_dt


__________________________________________________________________________________________________________________________________________________

       step    lg_Tmax     Teff     lg_LH      lg_Lnuc_tot     Mass       H_rich     H_cntr     N_cntr     Y_surf   eta_cntr   zones  retry
  lg_dt_yrs    lg_Tcntr    lg_R     lg_L3a     lg_Lneu     lg_Mdot    He_core    He_cntr    O_cntr     Z_surf   gam_cntr   iters  
    age_yrs    lg_Dcntr    lg_L     lg_LZ      lg_Lphoto   lg_Dsurf   CO_core    C_cntr     Ne_cntr    Z_cntr   v_div_cs       dt_limit
__________________________________________________________________________________________________________________________________________________

         60   5.478114   4422.495 -21.400547 -21.400547   5.000000   5.000000   0.755800   0.000071   0.242800 -10.988297    462      0
-5.0000E+00   5.477558   2.098090 -99.000000 -22.798415 -99.000000   0.000000   0.242800   0.000657   0.001400   0.024902      3
 6.0000E-04  -4.592013   3.733543 -99.000000 -99.000000  -8.017008   0.000000   0.000241   0.000146   0.001400  0.000E+00        max_dt

         61   5.478114   4421.456 -21.400546 -21.400546   5.000000   5.000000   0.755800   0.000071   0.242800 -10.988295    478      0
-5.0000E+00   5.477557   2.098084 -99.000000 -22.798415 -99.000000   0.000000   0.242800   0.000657   0.001400   0.024902      3
 6.1000E-04  -4.592013   3.733123 -37.327719 -99.000000  -8.016509   0.000000   0.000241   0.000146   0.001400  0.000E+00        max_dt

         62   5.478114   4420.439 -21.400546 -21.400546   5.000000   5.000000   0.755800   0.000071   0.242800 -10.988293    462      0
-5.0000E+00   5.477557   2.098078 -99.000000 -22.798414 -99.000000   0.000000   0.242800   0.000657   0.001400   0.024902      3
 6.2000E-04  -4.592012   3.732712 -99.000000 -99.000000  -8.016022   0.000000   0.000241   0.000146   0.001400  0.000E+00        max_dt

         63   5.478114   4419.439 -21.400546 -21.400546   5.000000   5.000000   0.755800   0.000071   0.242800 -10.988290    478      0
-5.0000E+00   5.477556   2.098073 -99.000000 -22.798414 -99.000000   0.000000   0.242800   0.000657   0.001400   0.024902      3
 6.3000E-04  -4.592012   3.732308 -99.000000 -99.000000  -8.015545   0.000000   0.000241   0.000146   0.001400  0.000E+00        max_dt

         64   5.478114   4418.460 -21.400546 -21.400546   5.000000   5.000000   0.755800   0.000071   0.242800 -10.988288    462      0
-5.0000E+00   5.477556   2.098067 -99.000000 -22.798414 -99.000000   0.000000   0.242800   0.000657   0.001400   0.024902      3
 6.4000E-04  -4.592011   3.731912 -37.026689 -99.000000  -8.015079   0.000000   0.000241   0.000146   0.001400  0.000E+00        max_dt

         65   5.478114   4417.498 -21.400546 -21.400546   5.000000   5.000000   0.755800   0.000071   0.242800 -10.988286    478      0
-5.0000E+00   5.477556   2.098062 -99.000000 -22.798414 -99.000000   0.000000   0.242800   0.000657   0.001400   0.024902      3
 6.5000E-04  -4.592011   3.731523 -99.000000 -99.000000  -8.014623   0.000000   0.000241   0.000146   0.001400  0.000E+00        max_dt

         66   5.478114   4416.554 -21.400546 -21.400546   5.000000   5.000000   0.755800   0.000071   0.242800 -10.988284    462      0
-5.0000E+00   5.477555   2.098057 -99.000000 -22.798414 -99.000000   0.000000   0.242800   0.000657   0.001400   0.024902      3
 6.6000E-04  -4.592010   3.731141 -36.850598 -99.000000  -8.014177   0.000000   0.000241   0.000146   0.001400  0.000E+00        max_dt

         67   5.478114   4415.626 -21.400546 -21.400546   5.000000   5.000000   0.755800   0.000071   0.242800 -10.988282    478      0
-5.0000E+00   5.477555   2.098051 -99.000000 -22.798414 -99.000000   0.000000   0.242800   0.000657   0.001400   0.024902      3
 6.7000E-04  -4.592010   3.730765 -99.000000 -99.000000  -8.013739   0.000000   0.000241   0.000146   0.001400  0.000E+00        max_dt

         68   5.478114   4414.716 -21.400546 -21.400546   5.000000   5.000000   0.755800   0.000071   0.242800 -10.988280    462      0
-5.0000E+00   5.477555   2.098046 -99.000000 -22.798414 -99.000000   0.000000   0.242800   0.000657   0.001400   0.024902      3
 6.8000E-04  -4.592010   3.730397 -99.000000 -99.000000  -8.013311   0.000000   0.000241   0.000146   0.001400  0.000E+00        max_dt

         69   5.478114   4413.820 -21.400545 -21.400545   5.000000   5.000000   0.755800   0.000071   0.242800 -10.988278    478      0
-5.0000E+00   5.477555   2.098041 -99.000000 -22.798414 -99.000000   0.000000   0.242800   0.000657   0.001400   0.024902      3
 6.9000E-04  -4.592009   3.730034 -37.327719 -99.000000  -8.012890   0.000000   0.000241   0.000146   0.001400  0.000E+00        max_dt


__________________________________________________________________________________________________________________________________________________

       step    lg_Tmax     Teff     lg_LH      lg_Lnuc_tot     Mass       H_rich     H_cntr     N_cntr     Y_surf   eta_cntr   zones  retry
  lg_dt_yrs    lg_Tcntr    lg_R     lg_L3a     lg_Lneu     lg_Mdot    He_core    He_cntr    O_cntr     Z_surf   gam_cntr   iters  
    age_yrs    lg_Dcntr    lg_L     lg_LZ      lg_Lphoto   lg_Dsurf   CO_core    C_cntr     Ne_cntr    Z_cntr   v_div_cs       dt_limit
__________________________________________________________________________________________________________________________________________________

         70   5.478114   4412.936 -21.400545 -21.400545   5.000000   5.000000   0.755800   0.000071   0.242800 -10.988277    461      0
-5.0000E+00   5.477554   2.098036 -99.000000 -22.798413 -99.000000   0.000000   0.242800   0.000657   0.001400   0.024902      2
 7.0000E-04  -4.592009   3.729676 -99.000000 -99.000000  -8.012477   0.000000   0.000241   0.000146   0.001400  0.000E+00        max_dt

         71   5.478114   4412.062 -21.400545 -21.400545   5.000000   5.000000   0.755800   0.000071   0.242800 -10.988275    477      0
-5.0000E+00   5.477554   2.098031 -99.000000 -22.798413 -99.000000   0.000000   0.242800   0.000657   0.001400   0.024902      3
 7.1000E-04  -4.592008   3.729322 -99.000000 -99.000000  -8.012069   0.000000   0.000241   0.000146   0.001400  0.000E+00        max_dt

         72   5.478114   4411.204 -21.400545 -21.400545   5.000000   5.000000   0.755800   0.000071   0.242800 -10.988273    461      0
-5.0000E+00   5.477554   2.098026 -99.000000 -22.798413 -99.000000   0.000000   0.242800   0.000657   0.001400   0.024902      2
 7.2000E-04  -4.592008   3.728975 -37.327719 -99.000000  -8.011670   0.000000   0.000241   0.000146   0.001400  0.000E+00        max_dt

         73   5.478114   4410.360 -21.400545 -21.400545   5.000000   5.000000   0.755800   0.000071   0.242800 -10.988272    477      0
-5.0000E+00   5.477554   2.098021 -99.000000 -22.798413 -99.000000   0.000000   0.242800   0.000657   0.001400   0.024902      2
 7.3000E-04  -4.592008   3.728633 -99.000000 -99.000000  -8.011278   0.000000   0.000241   0.000146   0.001400  0.000E+00        max_dt

         74   5.478114   4409.532 -21.400545 -21.400545   5.000000   5.000000   0.755800   0.000071   0.242800 -10.988270    461      0
-5.0000E+00   5.477554   2.098017 -99.000000 -22.798413 -99.000000   0.000000   0.242800   0.000657   0.001400   0.024902      2
 7.4000E-04  -4.592007   3.728297 -99.000000 -99.000000  -8.010895   0.000000   0.000241   0.000146   0.001400  0.000E+00        max_dt

         75   5.478114   4408.716 -21.400545 -21.400545   5.000000   5.000000   0.755800   0.000071   0.242800 -10.988269    477      0
-5.0000E+00   5.477553   2.098012 -99.000000 -22.798413 -99.000000   0.000000   0.242800   0.000657   0.001400   0.024902      2
 7.5000E-04  -4.592007   3.727966 -99.000000 -99.000000  -8.010518   0.000000   0.000241   0.000146   0.001400  0.000E+00        max_dt

         76   5.478114   4407.891 -21.400545 -21.400545   5.000000   5.000000   0.755800   0.000071   0.242800 -10.988268    460      0
-5.0000E+00   5.477553   2.098007 -99.000000 -22.798413 -99.000000   0.000000   0.242800   0.000657   0.001400   0.024902      2
 7.6000E-04  -4.592007   3.727632 -99.000000 -99.000000  -8.010138   0.000000   0.000241   0.000146   0.001400  0.000E+00        max_dt

         77   5.478114   4407.072 -21.400544 -21.400544   5.000000   5.000000   0.755800   0.000071   0.242800 -10.988266    476      0
-5.0000E+00   5.477553   2.098003 -99.000000 -22.798413 -99.000000   0.000000   0.242800   0.000657   0.001400   0.024902      2
 7.7000E-04  -4.592006   3.727300 -99.000000 -99.000000  -8.009762   0.000000   0.000241   0.000146   0.001400  0.000E+00        max_dt

         78   5.478115   4406.273 -21.400544 -21.400544   5.000000   5.000000   0.755800   0.000071   0.242800 -10.988265    460      0
-5.0000E+00   5.477553   2.097998 -99.000000 -22.798413 -99.000000   0.000000   0.242800   0.000657   0.001400   0.024902      2
 7.8000E-04  -4.592006   3.726976 -99.000000 -99.000000  -8.009396   0.000000   0.000241   0.000146   0.001400  0.000E+00        max_dt

         79   5.478115   4405.492 -21.400544 -21.400544   5.000000   5.000000   0.755800   0.000071   0.242800 -10.988264    476      0
-5.0000E+00   5.477553   2.097994 -99.000000 -22.798412 -99.000000   0.000000   0.242800   0.000657   0.001400   0.024902      2
 7.9000E-04  -4.592006   3.726659 -99.000000 -99.000000  -8.009039   0.000000   0.000241   0.000146   0.001400  0.000E+00        max_dt


__________________________________________________________________________________________________________________________________________________

       step    lg_Tmax     Teff     lg_LH      lg_Lnuc_tot     Mass       H_rich     H_cntr     N_cntr     Y_surf   eta_cntr   zones  retry
  lg_dt_yrs    lg_Tcntr    lg_R     lg_L3a     lg_Lneu     lg_Mdot    He_core    He_cntr    O_cntr     Z_surf   gam_cntr   iters  
    age_yrs    lg_Dcntr    lg_L     lg_LZ      lg_Lphoto   lg_Dsurf   CO_core    C_cntr     Ne_cntr    Z_cntr   v_div_cs       dt_limit
__________________________________________________________________________________________________________________________________________________

         80   5.478115   4404.729 -21.400544 -21.400544   5.000000   5.000000   0.755800   0.000071   0.242800 -10.988263    460      0
-5.0000E+00   5.477553   2.097989 -99.000000 -22.798412 -99.000000   0.000000   0.242800   0.000657   0.001400   0.024902      2
 8.0000E-04  -4.592006   3.726349 -99.000000 -99.000000  -8.008691   0.000000   0.000241   0.000146   0.001400  0.000E+00        max_dt

         81   5.478115   4403.980 -21.400544 -21.400544   5.000000   5.000000   0.755800   0.000071   0.242800 -10.988262    476      0
-5.0000E+00   5.477552   2.097985 -99.000000 -22.798412 -99.000000   0.000000   0.242800   0.000657   0.001400   0.024902      2
 8.1000E-04  -4.592005   3.726045 -99.000000 -99.000000  -8.008350   0.000000   0.000241   0.000146   0.001400  0.000E+00        max_dt

         82   5.478115   4403.245 -21.400544 -21.400544   5.000000   5.000000   0.755800   0.000071   0.242800 -10.988261    460      0
-5.0000E+00   5.477552   2.097981 -99.000000 -22.798412 -99.000000   0.000000   0.242800   0.000657   0.001400   0.024902      2
 8.2000E-04  -4.592005   3.725747 -99.000000 -99.000000  -8.008016   0.000000   0.000241   0.000146   0.001400  0.000E+00        max_dt

         83   5.478115   4402.522 -21.400544 -21.400544   5.000000   5.000000   0.755800   0.000071   0.242800 -10.988260    476      0
-5.0000E+00   5.477552   2.097977 -99.000000 -22.798412 -99.000000   0.000000   0.242800   0.000657   0.001400   0.024902      2
 8.3000E-04  -4.592005   3.725453 -99.000000 -99.000000  -8.007689   0.000000   0.000241   0.000146   0.001400  0.000E+00        max_dt

         84   5.478115   4401.812 -21.400544 -21.400544   5.000000   5.000000   0.755800   0.000071   0.242800 -10.988259    460      0
-5.0000E+00   5.477552   2.097973 -99.000000 -22.798412 -99.000000   0.000000   0.242800   0.000657   0.001400   0.024902      2
 8.4000E-04  -4.592005   3.725165 -37.327719 -99.000000  -8.007368   0.000000   0.000241   0.000146   0.001400  0.000E+00        max_dt

         85   5.478115   4401.112 -21.400543 -21.400543   5.000000   5.000000   0.755800   0.000071   0.242800 -10.988258    476      0
-5.0000E+00   5.477552   2.097969 -99.000000 -22.798412 -99.000000   0.000000   0.242800   0.000657   0.001400   0.024902      2
 8.5000E-04  -4.592004   3.724881 -99.000000 -99.000000  -8.007052   0.000000   0.000241   0.000146   0.001400  0.000E+00        max_dt

         86   5.478115   4400.424 -21.400543 -21.400543   5.000000   5.000000   0.755800   0.000071   0.242800 -10.988257    460      0
-5.0000E+00   5.477552   2.097965 -99.000000 -22.798412 -99.000000   0.000000   0.242800   0.000657   0.001400   0.024902      2
 8.6000E-04  -4.592004   3.724601 -99.000000 -99.000000  -8.006742   0.000000   0.000241   0.000146   0.001400  0.000E+00        max_dt

         87   5.478115   4399.745 -21.400543 -21.400543   5.000000   5.000000   0.755800   0.000071   0.242800 -10.988256    476      0
-5.0000E+00   5.477552   2.097961 -99.000000 -22.798411 -99.000000   0.000000   0.242800   0.000657   0.001400   0.024902      2
 8.7000E-04  -4.592004   3.724325 -99.000000 -99.000000  -8.006437   0.000000   0.000241   0.000146   0.001400  0.000E+00        max_dt

         88   5.478115   4399.077 -21.400543 -21.400543   5.000000   5.000000   0.755800   0.000071   0.242800 -10.988255    460      0
-5.0000E+00   5.477551   2.097957 -99.000000 -22.798411 -99.000000   0.000000   0.242800   0.000657   0.001400   0.024902      2
 8.8000E-04  -4.592004   3.724053 -99.000000 -99.000000  -8.006137   0.000000   0.000241   0.000146   0.001400  0.000E+00        max_dt

         89   5.478115   4398.418 -21.400543 -21.400543   5.000000   5.000000   0.755800   0.000071   0.242800 -10.988254    476      0
-5.0000E+00   5.477551   2.097953 -99.000000 -22.798411 -99.000000   0.000000   0.242800   0.000657   0.001400   0.024902      3
 8.9000E-04  -4.592004   3.723785 -99.000000 -99.000000  -8.005842   0.000000   0.000241   0.000146   0.001400  0.000E+00        max_dt


__________________________________________________________________________________________________________________________________________________

       step    lg_Tmax     Teff     lg_LH      lg_Lnuc_tot     Mass       H_rich     H_cntr     N_cntr     Y_surf   eta_cntr   zones  retry
  lg_dt_yrs    lg_Tcntr    lg_R     lg_L3a     lg_Lneu     lg_Mdot    He_core    He_cntr    O_cntr     Z_surf   gam_cntr   iters  
    age_yrs    lg_Dcntr    lg_L     lg_LZ      lg_Lphoto   lg_Dsurf   CO_core    C_cntr     Ne_cntr    Z_cntr   v_div_cs       dt_limit
__________________________________________________________________________________________________________________________________________________

         90   5.478115   4397.764 -21.400543 -21.400543   5.000000   5.000000   0.755800   0.000071   0.242800 -10.988253    459      0
-5.0000E+00   5.477551   2.097949 -99.000000 -22.798411 -99.000000   0.000000   0.242800   0.000657   0.001400   0.024902      3
 9.0000E-04  -4.592003   3.723519 -99.000000 -99.000000  -8.005550   0.000000   0.000241   0.000146   0.001400  0.000E+00        max_dt

         91   5.478115   4397.114 -21.400543 -21.400543   5.000000   5.000000   0.755800   0.000071   0.242800 -10.988252    475      0
-5.0000E+00   5.477551   2.097945 -99.000000 -22.798411 -99.000000   0.000000   0.242800   0.000657   0.001400   0.024902      3
 9.1000E-04  -4.592003   3.723255 -99.000000 -99.000000  -8.005261   0.000000   0.000241   0.000146   0.001400  0.000E+00        max_dt

         92   5.478115   4396.475 -21.400543 -21.400543   5.000000   5.000000   0.755800   0.000071   0.242800 -10.988252    459      0
-5.0000E+00   5.477551   2.097941 -99.000000 -22.798411 -99.000000   0.000000   0.242800   0.000657   0.001400   0.024902      2
 9.2000E-04  -4.592003   3.722995 -99.000000 -99.000000  -8.004976   0.000000   0.000241   0.000146   0.001400  0.000E+00        max_dt

         93   5.478115   4395.843 -21.400543 -21.400543   5.000000   5.000000   0.755800   0.000071   0.242800 -10.988251    475      0
-5.0000E+00   5.477551   2.097938 -99.000000 -22.798411 -99.000000   0.000000   0.242800   0.000657   0.001400   0.024902      2
 9.3000E-04  -4.592003   3.722738 -37.327719 -99.000000  -8.004695   0.000000   0.000241   0.000146   0.001400  0.000E+00        max_dt

         94   5.478115   4395.222 -21.400542 -21.400542   5.000000   5.000000   0.755800   0.000071   0.242800 -10.988250    459      0
-5.0000E+00   5.477551   2.097934 -99.000000 -22.798411 -99.000000   0.000000   0.242800   0.000657   0.001400   0.024902      2
 9.4000E-04  -4.592003   3.722485 -99.000000 -99.000000  -8.004420   0.000000   0.000241   0.000146   0.001400  0.000E+00        max_dt

         95   5.478115   4394.610 -21.400542 -21.400542   5.000000   5.000000   0.755800   0.000071   0.242800 -10.988250    476      0
-5.0000E+00   5.477551   2.097931 -99.000000 -22.798410 -99.000000   0.000000   0.242800   0.000657   0.001400   0.024902      3
 9.5000E-04  -4.592002   3.722236 -99.000000 -99.000000  -8.004150   0.000000   0.000241   0.000146   0.001400  0.000E+00        max_dt

         96   5.478115   4394.012 -21.400542 -21.400542   5.000000   5.000000   0.755800   0.000071   0.242800 -10.988249    460      0
-5.0000E+00   5.477551   2.097927 -99.000000 -22.798410 -99.000000   0.000000   0.242800   0.000657   0.001400   0.024902      2
 9.6000E-04  -4.592002   3.721993 -99.000000 -99.000000  -8.003885   0.000000   0.000241   0.000146   0.001400  0.000E+00        max_dt

         97   5.478115   4393.424 -21.400542 -21.400542   5.000000   5.000000   0.755800   0.000071   0.242800 -10.988248    476      0
-5.0000E+00   5.477551   2.097924 -99.000000 -22.798410 -99.000000   0.000000   0.242800   0.000657   0.001400   0.024902      2
 9.7000E-04  -4.592002   3.721753 -99.000000 -99.000000  -8.003626   0.000000   0.000241   0.000146   0.001400  0.000E+00        max_dt

         98   5.478115   4392.849 -21.400542 -21.400542   5.000000   5.000000   0.755800   0.000071   0.242800 -10.988248    460      0
-5.0000E+00   5.477551   2.097920 -99.000000 -22.798410 -99.000000   0.000000   0.242800   0.000657   0.001400   0.024902      2
 9.8000E-04  -4.592002   3.721519 -99.000000 -99.000000  -8.003373   0.000000   0.000241   0.000146   0.001400  0.000E+00        max_dt

         99   5.478115   4392.280 -21.400542 -21.400542   5.000000   5.000000   0.755800   0.000071   0.242800 -10.988247    477      0
-5.0000E+00   5.477550   2.097917 -99.000000 -22.798410 -99.000000   0.000000   0.242800   0.000657   0.001400   0.024902      3
 9.9000E-04  -4.592002   3.721287 -99.000000 -99.000000  -8.003123   0.000000   0.000241   0.000146   0.001400  0.000E+00        max_dt


__________________________________________________________________________________________________________________________________________________

       step    lg_Tmax     Teff     lg_LH      lg_Lnuc_tot     Mass       H_rich     H_cntr     N_cntr     Y_surf   eta_cntr   zones  retry
  lg_dt_yrs    lg_Tcntr    lg_R     lg_L3a     lg_Lneu     lg_Mdot    He_core    He_cntr    O_cntr     Z_surf   gam_cntr   iters  
    age_yrs    lg_Dcntr    lg_L     lg_LZ      lg_Lphoto   lg_Dsurf   CO_core    C_cntr     Ne_cntr    Z_cntr   v_div_cs       dt_limit
__________________________________________________________________________________________________________________________________________________

        100   5.478115   4391.719 -21.400542 -21.400542   5.000000   5.000000   0.755800   0.000071   0.242800 -10.988246    461      0
-5.0000E+00   5.477550   2.097913 -99.000000 -22.798410 -99.000000   0.000000   0.242800   0.000657   0.001400   0.024902      2
 1.0000E-03  -4.592002   3.721058 -99.000000 -99.000000  -8.002877   0.000000   0.000241   0.000146   0.001400  0.000E+00        max_dt


 finished doing relax num steps


                                relax_to_radiative_core

          1   5.478115   4391.161 -21.400542 -21.400542   5.000000   5.000000   0.755800   0.000071   0.242800 -10.988246    477      0
-5.0000E+00   5.477550   2.097910 -99.000000 -22.798410 -99.000000   0.000000   0.242800   0.000657   0.001400   0.024902      2
 1.0000E-05  -4.592002   3.720831 -99.000000 -99.000000  -8.002633   0.000000   0.000241   0.000146   0.001400  0.000E+00        max_dt

           waiting for fully convective core to develop           1    3.8788047703572033D-02
          2   5.478115   4390.071 -21.400541 -21.400541   5.000000   5.000000   0.755800   0.000071   0.242800 -10.988245    461      0
-4.6990E+00   5.477550   2.097903 -99.000000 -22.798409 -99.000000   0.000000   0.242800   0.000657   0.001400   0.024902      3
 3.0000E-05  -4.592001   3.720386 -99.000000 -99.000000  -8.002156   0.000000   0.000241   0.000146   0.001400  0.000E+00  max increase

           waiting for fully convective core to develop           2    3.8788042305049633D-02
          3   5.478115   4387.974 -21.400541 -21.400541   5.000000   5.000000   0.755800   0.000071   0.242800 -10.988243    477      0
-4.3979E+00   5.477550   2.097891 -99.000000 -22.798409 -99.000000   0.000000   0.242800   0.000657   0.001400   0.024902      3
 7.0000E-05  -4.592001   3.719531 -99.000000 -99.000000  -8.001245   0.000000   0.000241   0.000146   0.001400  0.000E+00  max increase

           waiting for fully convective core to develop           3    3.8788031753790933D-02
          4   5.478116   4384.099 -21.400540 -21.400540   5.000000   5.000000   0.755800   0.000071   0.242800 -10.988239    461      0
-4.0969E+00   5.477550   2.097867 -99.000000 -22.798408 -99.000000   0.000000   0.242800   0.000657   0.001400   0.024902      3
 1.5000E-04  -4.592000   3.717949 -37.026689 -99.000000  -7.999575   0.000000   0.000241   0.000146   0.001400  0.000E+00  max increase

           waiting for fully convective core to develop           4    3.8788011568834505D-02
          5   5.478116   4377.363 -21.400538 -21.400538   5.000000   5.000000   0.755800   0.000071   0.242800 -10.988235    478      0
-3.7959E+00   5.477549   2.097825 -99.000000 -22.798406 -99.000000   0.000000   0.242800   0.000657   0.001400   0.024902      3
 3.1000E-04  -4.591998   3.715194 -37.327719 -99.000000  -7.996716   0.000000   0.000241   0.000146   0.001400  0.000E+00  max increase

           waiting for fully convective core to develop           5    3.8787974411895215D-02
          6   5.478117   4366.624 -21.400534 -21.400534   5.000000   5.000000   0.755800   0.000071   0.242800 -10.988229    461      0
-3.4949E+00   5.477549   2.097755 -99.000000 -22.798402 -99.000000   0.000000   0.242800   0.000657   0.001400   0.024902      3
 6.3000E-04  -4.591996   3.710788 -99.000000 -99.000000  -7.992273   0.000000   0.000241   0.000146   0.001400  0.000E+00  max increase

           waiting for fully convective core to develop           6    3.8787910131785626D-02
          7   5.478117   4351.677 -21.400526 -21.400526   5.000000   5.000000   0.755800   0.000071   0.242800 -10.988224    476      0
-3.1938E+00   5.477549   2.097652 -99.000000 -22.798394 -99.000000   0.000000   0.242800   0.000657   0.001400   0.024902      3
 1.2700E-03  -4.591994   3.704625 -99.000000 -99.000000  -7.986308   0.000000   0.000241   0.000146   0.001400  0.000E+00  max increase

           waiting for fully convective core to develop           7    3.8787807496295103D-02
          8   5.478119   4333.478 -21.400509 -21.400509   5.000000   5.000000   0.755800   0.000071   0.242800 -10.988220    463      0
-2.8928E+00   5.477550   2.097515 -99.000000 -22.798377 -99.000000   0.000000   0.242800   0.000657   0.001400   0.024902      3
 2.5500E-03  -4.591991   3.697069 -37.327719 -99.000000  -7.979366   0.000000   0.000241   0.000146   0.001400  0.000E+00  max increase

           waiting for fully convective core to develop           8    3.8787652981926504D-02
          9   5.478122   4314.863 -21.400474 -21.400474   5.000000   5.000000   0.755800   0.000071   0.242800 -10.988217    479      0
-2.5918E+00   5.477552   2.097348 -99.000000 -22.798342 -99.000000   0.000000   0.242800   0.000657   0.001400   0.024902      3
 5.1100E-03  -4.591986   3.689258 -99.000000 -99.000000  -7.972583   0.000000   0.000241   0.000146   0.001400  0.000E+00  max increase

           waiting for fully convective core to develop           9    3.3906047701529364D-02

__________________________________________________________________________________________________________________________________________________

       step    lg_Tmax     Teff     lg_LH      lg_Lnuc_tot     Mass       H_rich     H_cntr     N_cntr     Y_surf   eta_cntr   zones  retry
  lg_dt_yrs    lg_Tcntr    lg_R     lg_L3a     lg_Lneu     lg_Mdot    He_core    He_cntr    O_cntr     Z_surf   gam_cntr   iters  
    age_yrs    lg_Dcntr    lg_L     lg_LZ      lg_Lphoto   lg_Dsurf   CO_core    C_cntr     Ne_cntr    Z_cntr   v_div_cs       dt_limit
__________________________________________________________________________________________________________________________________________________

         10   5.478116   4297.883 -21.400402 -21.400402   5.000000   5.000000   0.755800   0.000071   0.242800 -10.988214    466      0
-2.2907E+00   5.477557   2.097161 -99.000000 -22.798270 -99.000000   0.000000   0.242800   0.000657   0.001400   0.024902      3
 1.0230E-02  -4.591977   3.682035 -37.026689 -99.000000  -7.966632   0.000000   0.000241   0.000146   0.001400  0.000E+00  max increase

           waiting for fully convective core to develop          10    3.3897656227010110D-02
         11   5.478114   4284.427 -21.400254 -21.400254   5.000000   5.000000   0.755800   0.000071   0.242800 -10.988211    479      0
-1.9897E+00   5.477566   2.096962 -99.000000 -22.798122 -99.000000   0.000000   0.242800   0.000657   0.001400   0.024902      3
 2.0470E-02  -4.591962   3.676188 -99.000000 -99.000000  -7.962026   0.000000   0.000241   0.000146   0.001400  0.000E+00  max increase

           waiting for fully convective core to develop          11    2.9192735002466816D-02
         12   5.478124   4275.356 -21.399953 -21.399953   5.000000   5.000000   0.755800   0.000071   0.242800 -10.988204    462      0
-1.6887E+00   5.477584   2.096754 -99.000000 -22.797821 -99.000000   0.000000   0.242800   0.000657   0.001400   0.024902      3
 4.0950E-02  -4.591933   3.672091 -99.000000 -99.000000  -7.958914   0.000000   0.000241   0.000146   0.001400  0.000E+00  max increase

           waiting for fully convective core to develop          12    2.4688577283131629D-02
         13   5.478156   4269.983 -21.399339 -21.399339   5.000000   5.000000   0.755800   0.000071   0.242800 -10.988192    477      0
-1.3876E+00   5.477620   2.096540 -99.000000 -22.797207 -99.000000   0.000000   0.242800   0.000657   0.001400   0.024901      3
 8.1910E-02  -4.591873   3.669479 -99.000000 -99.000000  -7.956994   0.000000   0.000241   0.000146   0.001400  0.000E+00  max increase

           waiting for fully convective core to develop          13    1.5164357378442543D-04
         14   5.478227   4267.340 -21.398093 -21.398093   5.000000   5.000000   0.755800   0.000071   0.242800 -10.988166    461      0
-1.0866E+00   5.477694   2.096319 -99.000000 -22.795961 -99.000000   0.000000   0.242800   0.000657   0.001400   0.024899      3
 1.6383E-01  -4.591751   3.667960 -99.000000 -99.000000  -7.955923   0.000000   0.000241   0.000146   0.001400  0.000E+00  max increase

           waiting for fully convective core to develop          14    2.0230865008675174D-04
         15   5.478373   4266.311 -21.395562 -21.395562   5.000000   5.000000   0.755800   0.000071   0.242800 -10.988112    476      0
-7.8558E-01   5.477848   2.096069 -99.000000 -22.793430 -99.000000   0.000000   0.242800   0.000657   0.001400   0.024895      3
 3.2767E-01  -4.591497   3.667041 -99.000000 -99.000000  -7.955319   0.000000   0.000241   0.000146   0.001400  0.000E+00  max increase

           waiting for fully convective core to develop          15    2.4502410704343590D-04
         16   5.478682   4266.186 -21.390554 -21.390554   5.000000   5.000000   0.755800   0.000071   0.242800 -10.988002    460      0
-4.8455E-01   5.478171   2.095735 -99.000000 -22.788422 -99.000000   0.000000   0.242800   0.000657   0.001400   0.024886      3
 6.5535E-01  -4.590965   3.666322 -99.000000 -99.000000  -7.954896   0.000000   0.000241   0.000146   0.001400  0.000E+00  max increase

           waiting for fully convective core to develop          16    2.0392067384802728D-02
         17   5.479339   4266.594 -21.381207 -21.381207   5.000000   5.000000   0.755800   0.000071   0.242800 -10.987770    476      0
-1.8352E-01   5.478861   2.095199 -99.000000 -22.779075 -99.000000   0.000000   0.242800   0.000657   0.001400   0.024869      3
 1.3107E+00  -4.589828   3.665416 -99.000000 -99.000000  -7.954404   0.000000   0.000241   0.000146   0.001400  0.000E+00  max increase

           waiting for fully convective core to develop          17    3.3537291806235068D-03
         18   5.480263   4267.603 -21.362693 -21.362693   5.000000   5.000000   0.755800   0.000071   0.242800 -10.987298    460      0
 1.1751E-01   5.480263   2.094218 -99.000000 -22.760561 -99.000000   0.000000   0.242800   0.000657   0.001400   0.024832      3
 2.6214E+00  -4.587521   3.663866 -99.000000 -99.000000  -7.953587   0.000000   0.000241   0.000146   0.001400  0.000E+00  max increase

           waiting for fully convective core to develop          18    2.2903609359242803D-04
         19   5.483051   4269.652 -21.326194 -21.326194   5.000000   5.000000   0.755800   0.000071   0.242800 -10.986350    476      0
 4.1854E-01   5.483051   2.092318 -99.000000 -22.724062 -99.000000   0.000000   0.242800   0.000657   0.001400   0.024761      3
 5.2429E+00  -4.582928   3.660900 -99.000000 -99.000000  -7.952032   0.000000   0.000241   0.000146   0.001400  0.000E+00  max increase

           waiting for fully convective core to develop          19    1.3108849186039659D-04

__________________________________________________________________________________________________________________________________________________

       step    lg_Tmax     Teff     lg_LH      lg_Lnuc_tot     Mass       H_rich     H_cntr     N_cntr     Y_surf   eta_cntr   zones  retry
  lg_dt_yrs    lg_Tcntr    lg_R     lg_L3a     lg_Lneu     lg_Mdot    He_core    He_cntr    O_cntr     Z_surf   gam_cntr   iters  
    age_yrs    lg_Dcntr    lg_L     lg_LZ      lg_Lphoto   lg_Dsurf   CO_core    C_cntr     Ne_cntr    Z_cntr   v_div_cs       dt_limit
__________________________________________________________________________________________________________________________________________________

         20   5.486578   4273.674 -21.254969 -21.254969   5.000000   5.000000   0.755800   0.000071   0.242800 -10.972961    460      0
 7.1957E-01   5.486578   2.088610 -99.000000 -22.652837 -99.000000   0.000000   0.242800   0.000657   0.001400   0.024771      3
 1.0486E+01  -4.571823   3.655120 -99.000000 -99.000000  -7.949008   0.000000   0.000241   0.000146   0.001400  0.000E+00  max increase

           waiting for fully convective core to develop          20    5.9899807670212932D-06
         21   5.493603   4281.326 -21.118821 -21.118821   5.000000   5.000000   0.755800   0.000071   0.242800 -10.948863    476      0
 1.0206E+00   5.493603   2.081502 -99.000000 -22.516689 -99.000000   0.000000   0.242800   0.000657   0.001400   0.024769      3
 2.0972E+01  -4.550819   3.644010 -99.000000 -99.000000  -7.943207   0.000000   0.000241   0.000146   0.001400  0.000E+00  max increase

             relative mass of radiative core still tiny          21    7.8168565342817686D-08
         22   5.505596   4293.645 -20.887665 -20.887665   5.000000   5.000000   0.755800   0.000071   0.242800 -10.907710    467      0
 1.2846E+00   5.505596   2.069364 -99.000000 -22.285533 -99.000000   0.000000   0.242800   0.000657   0.001400   0.024767      3
 4.0227E+01  -4.514958   3.624726 -99.000000 -99.000000  -7.933108   0.000000   0.000241   0.000146   0.001400  0.000E+00    varcontrol

             relative mass of radiative core still tiny          22    7.8168565120773081D-08
         23   5.521160   4312.726 -20.590146 -20.590146   5.000000   5.000000   0.755800   0.000071   0.242800 -10.854276    482      0
 1.4377E+00   5.521160   2.053586 -99.000000 -21.988014 -99.000000   0.000000   0.242800   0.000657   0.001400   0.024764      3
 6.7623E+01  -4.468406   3.600873 -99.000000 -99.000000  -7.921079   0.000000   0.000241   0.000146   0.001400  0.000E+00    varcontrol

             relative mass of radiative core still tiny          23    7.8168564454639267D-08
         24   5.538638   4331.020 -20.259479 -20.259479   5.000000   5.000000   0.755800   0.000071   0.242800 -10.794227    463      0
 1.5342E+00   5.538638   2.035866 -99.000000 -21.657347 -99.000000   0.000000   0.242800   0.000657   0.001400   0.024762      3
 1.0183E+02  -4.416109   3.572787 -99.000000 -99.000000  -7.906712   0.000000   0.000241   0.000146   0.001400  0.000E+00    varcontrol

             relative mass of radiative core still tiny          24    7.8168564454639267D-08
         25   5.557081   4351.921 -19.914586 -19.914586   5.000000   5.000000   0.755800   0.000071   0.242800 -10.730831    477      0
 1.6055E+00   5.557081   2.017149 -99.000000 -21.312454 -99.000000   0.000000   0.242800   0.000657   0.001400   0.024759      3
 1.4215E+02  -4.360914   3.543716 -99.000000 -99.000000  -7.892302   0.000000   0.000241   0.000146   0.001400  0.000E+00    varcontrol

             relative mass of radiative core still tiny          25    7.8168564676683872D-08
         26   5.575957   4372.067 -19.565827 -19.565827   5.000000   5.000000   0.755800   0.000071   0.242800 -10.665905    468      0
 1.6652E+00   5.575957   1.997984 -99.000000 -20.963695 -99.000000   0.000000   0.242800   0.000657   0.001400   0.024757      3
 1.8840E+02  -4.304402   3.513408 -99.000000 -99.000000  -7.877375   0.000000   0.000241   0.000146   0.001400  0.000E+00    varcontrol

             relative mass of radiative core still tiny          26    7.8168564676683872D-08
         27   5.595014   4393.863 -19.218057 -19.218057   5.000000   5.000000   0.755800   0.000071   0.242800 -10.600328    488      0
 1.7188E+00   5.595014   1.978619 -99.000000 -20.615926 -99.000000   0.000000   0.242800   0.000657   0.001400   0.024755      3
 2.4075E+02  -4.247337   3.483318 -99.000000 -99.000000  -7.863167   0.000000   0.000241   0.000146   0.001400  0.000E+00    varcontrol

             relative mass of radiative core still tiny          27    7.8168565342817686D-08
         28   5.614103   4414.122 -18.874021 -18.874021   5.000000   5.000000   0.755800   0.000071   0.242800 -10.534613    486      0
 1.7698E+00   5.614103   1.959219 -99.000000 -20.271889 -99.000000   0.000000   0.242800   0.000657   0.001400   0.024753      3
 2.9960E+02  -4.190164   3.452508 -99.000000 -99.000000  -7.848677   0.000000   0.000241   0.000146   0.001400  0.000E+00    varcontrol

             relative mass of radiative core still tiny          28    7.8168564898728476D-08
         29   5.633302   4434.955 -18.532295 -18.532295   5.000000   5.000000   0.755800   0.000071   0.242800 -10.468496    494      0
 1.8226E+00   5.633302   1.939698 -99.000000 -19.930163 -99.000000   0.000000   0.242800   0.000657   0.001400   0.024752      3
 3.6608E+02  -4.132652   3.421647 -99.000000 -99.000000  -7.834672   0.000000   0.000241   0.000146   0.001400  0.000E+00    varcontrol

             relative mass of radiative core still tiny          29    7.8168565342817686D-08

__________________________________________________________________________________________________________________________________________________

       step    lg_Tmax     Teff     lg_LH      lg_Lnuc_tot     Mass       H_rich     H_cntr     N_cntr     Y_surf   eta_cntr   zones  retry
  lg_dt_yrs    lg_Tcntr    lg_R     lg_L3a     lg_Lneu     lg_Mdot    He_core    He_cntr    O_cntr     Z_surf   gam_cntr   iters  
    age_yrs    lg_Dcntr    lg_L     lg_LZ      lg_Lphoto   lg_Dsurf   CO_core    C_cntr     Ne_cntr    Z_cntr   v_div_cs       dt_limit
__________________________________________________________________________________________________________________________________________________

         30   5.652529   4454.911 -18.194303 -18.194303   5.000000   5.000000   0.755800   0.000071   0.242800 -10.402257    493      0
 1.8741E+00   5.652529   1.920145 -99.000000 -19.592171 -99.000000   0.000000   0.242800   0.000657   0.001400   0.024750      3
 4.4091E+02  -4.075043   3.390340 -99.000000 -99.000000  -7.820655   0.000000   0.000241   0.000146   0.001400  0.000E+00    varcontrol

             relative mass of radiative core still tiny          30    7.8168564898728476D-08
         31   5.671774   4475.772 -17.860203 -17.860203   5.000000   5.000000   0.755800   0.000071   0.242800 -10.335938    497      0
 1.9250E+00   5.671774   1.900568 -99.000000 -19.258071 -99.000000   0.000000   0.242800   0.000657   0.001400   0.024749      3
 5.2505E+02  -4.017373   3.359301 -99.000000 -99.000000  -7.807477   0.000000   0.000241   0.000146   0.001400  0.000E+00    varcontrol

             relative mass of radiative core still tiny          31    7.8168564898728476D-08
         32   5.691007   4493.827 -17.530446 -17.530446   5.000000   5.000000   0.755800   0.000071   0.242800 -10.269639    503      0
 1.9763E+00   5.691007   1.881005 -99.000000 -18.928314 -99.000000   0.000000   0.242800   0.000657   0.001400   0.024748      3
 6.1975E+02  -3.959731   3.327169 -99.000000 -99.000000  -7.793342   0.000000   0.000241   0.000146   0.001400  0.000E+00    varcontrol

             relative mass of radiative core still tiny          32    7.8168564898728476D-08
         33   5.710257   4515.148 -17.204472 -17.204472   5.000000   5.000000   0.755800   0.000071   0.242800 -10.203265    486      0
 2.0271E+00   5.710257   1.861416 -99.000000 -18.602340 -99.000000   0.000000   0.242800   0.000657   0.001400   0.024747      3
 7.2619E+02  -3.902030   3.296213 -99.000000 -99.000000  -7.781230   0.000000   0.000241   0.000146   0.001400  0.000E+00    varcontrol

             relative mass of radiative core still tiny          33    7.8168565120773081D-08
         34   5.729436   4534.304 -16.883693 -16.883693   5.000000   5.000000   0.755800   0.000071   0.242800 -10.137117    490      0
 2.0765E+00   5.729436   1.841901 -99.000000 -18.281561 -99.000000   0.000000   0.242800   0.000657   0.001400   0.024746      3
 8.4546E+02  -3.844533   3.264539 -99.000000 -99.000000  -7.768413   0.000000   0.000241   0.000146   0.001400  0.000E+00    varcontrol

             relative mass of radiative core still tiny          34    7.8168565564862291D-08
         35   5.748537   4553.290 -16.568140 -16.568140   5.000000   5.000000   0.755800   0.000071   0.242800 -10.071229    497      0
 2.1256E+00   5.748537   1.822466 -99.000000 -17.966008 -99.000000   0.000000   0.242800   0.000657   0.001400   0.024745      3
 9.7900E+02  -3.787266   3.232927 -99.000000 -99.000000  -7.755878   0.000000   0.000241   0.000146   0.001400  0.000E+00    varcontrol

             relative mass of radiative core still tiny          35    7.8168565564862291D-08
         36   5.767550   4571.042 -16.257860 -16.257860   5.000000   5.000000   0.755800   0.000071   0.242800 -10.005634    494      0
 2.1747E+00   5.767550   1.803122 -99.000000 -17.655728 -99.000000   0.000000   0.242800   0.000657   0.001400   0.024745      3
 1.1285E+03  -3.730258   3.200998 -99.000000 -99.000000  -7.742975   0.000000   0.000241   0.000146   0.001400  0.000E+00    varcontrol

             relative mass of radiative core still tiny          36    7.8168565120773081D-08
         37   5.786517   4590.972 -15.952075 -15.952075   5.000000   5.000000   0.755800   0.000071   0.242800  -9.940189    498      0
 2.2237E+00   5.786517   1.783823 -99.000000 -17.349943 -99.000000   0.000000   0.242800   0.000657   0.001400   0.024744      3
 1.2959E+03  -3.673385   3.169957 -99.000000 -99.000000  -7.731626   0.000000   0.000241   0.000146   0.001400  0.000E+00    varcontrol

             relative mass of radiative core still tiny          37    7.8168565564862291D-08
         38   5.805475   4610.096 -15.650121 -15.650121   5.000000   5.000000   0.755800   0.000071   0.242800  -9.874768    524      0
 2.2739E+00   5.805475   1.764535 -99.000000 -17.047989 -99.000000   0.000000   0.242800   0.000657   0.001400   0.024744      3
 1.4838E+03  -3.616536   3.138604 -99.000000 -99.000000  -7.720011   0.000000   0.000241   0.000146   0.001400  0.000E+00    varcontrol

             relative mass of radiative core still tiny          38    7.8168565342817686D-08
         39   5.824482   4628.022 -15.351021 -15.351021   5.000000   5.000000   0.755800   0.000071   0.242800  -9.809167    501      0
 2.3261E+00   5.824482   1.745201 -99.000000 -16.748889 -99.000000   0.000000   0.242800   0.000657   0.001400   0.024744      3
 1.6957E+03  -3.559534   3.106677 -99.000000 -99.000000  -7.707748   0.000000   0.000241   0.000146   0.001400  0.000E+00    varcontrol

             relative mass of radiative core still tiny          39    7.8168565120773081D-08

__________________________________________________________________________________________________________________________________________________

       step    lg_Tmax     Teff     lg_LH      lg_Lnuc_tot     Mass       H_rich     H_cntr     N_cntr     Y_surf   eta_cntr   zones  retry
  lg_dt_yrs    lg_Tcntr    lg_R     lg_L3a     lg_Lneu     lg_Mdot    He_core    He_cntr    O_cntr     Z_surf   gam_cntr   iters  
    age_yrs    lg_Dcntr    lg_L     lg_LZ      lg_Lphoto   lg_Dsurf   CO_core    C_cntr     Ne_cntr    Z_cntr   v_div_cs       dt_limit
__________________________________________________________________________________________________________________________________________________

         40   5.843509   4647.443 -15.055194 -15.055194   5.000000   5.000000   0.755800   0.000071   0.242800  -9.743486    526      0
 2.3771E+00   5.843509   1.725847 -99.000000 -16.453062 -99.000000   0.000000   0.242800   0.000657   0.001400   0.024743      3
 1.9340E+03  -3.502466   3.075243 -99.000000 -99.000000  -7.696528   0.000000   0.000241   0.000146   0.001400  0.000E+00    varcontrol

             relative mass of radiative core still tiny          40    7.8168565120773081D-08
         41   5.862543   4666.169 -14.762824 -14.762824   5.000000   5.000000   0.755800   0.000071   0.242800  -9.677774    513      0
 2.4281E+00   5.862543   1.706490 -99.000000 -16.160692 -99.000000   0.000000   0.242800   0.000657   0.001400   0.024743      3
 2.2019E+03  -3.445377   3.043515 -99.000000 -99.000000  -7.684969   0.000000   0.000241   0.000146   0.001400  0.000E+00    varcontrol

             relative mass of radiative core still tiny          41    7.8168564898728476D-08
         42   5.881560   4683.109 -14.474201 -14.474201   5.000000   5.000000   0.755800   0.000071   0.242800  -9.612109    525      0
 2.4792E+00   5.881560   1.687154 -99.000000 -15.872069 -99.000000   0.000000   0.242800   0.000657   0.001400   0.024743      3
 2.5033E+03  -3.388333   3.011139 -99.000000 -99.000000  -7.672334   0.000000   0.000241   0.000146   0.001400  0.000E+00    varcontrol

             relative mass of radiative core still tiny          42    7.8168564676683872D-08
         43   5.900582   4702.521 -14.188948 -14.188948   5.000000   5.000000   0.755800   0.000071   0.242800  -9.546421    513      0
 2.5298E+00   5.900582   1.667815 -99.000000 -15.586816 -99.000000   0.000000   0.242800   0.000657   0.001400   0.024743      3
 2.8421E+03  -3.331271   2.979647 -99.000000 -99.000000  -7.661359   0.000000   0.000241   0.000146   0.001400  0.000E+00    varcontrol

             relative mass of radiative core still tiny          43    7.8168564898728476D-08
         44   5.919586   4720.151 -13.907351 -13.907351   5.000000   5.000000   0.755800   0.000071   0.242800  -9.480788    531      0
 2.5806E+00   5.919586   1.648499 -99.000000 -15.305219 -99.000000   0.000000   0.242800   0.000657   0.001400   0.024743      3
 3.2228E+03  -3.274260   2.947515 -99.000000 -99.000000  -7.649254   0.000000   0.000241   0.000146   0.001400  0.000E+00    varcontrol

             relative mass of radiative core still tiny          44    7.8168564676683872D-08
         45   5.938390   4739.636 -13.628953 -13.628953   5.000000   5.000000   0.755800   0.000071   0.242800  -9.413781    537      0
 2.6315E+00   5.938390   1.629173 -99.000000 -15.026821 -99.000000   0.000000   0.242800   0.000657   0.001400   0.024760      3
